// Jest Snapshot v1, https://goo.gl/fbAQLP

exports[`transpile styles with attributes 1`] = `"html.jsx-123{background-image: linear-gradient(0deg,rgba(255,255,255,0.8),rgba(255,255,255,0.8)), url(/static/background.svg);}p{color:blue;}p{color:blue;}p,a.jsx-123{color:blue;}.foo + a{color:red;}body{font-family:-apple-system,BlinkMacSystemFont,'Segoe UI',Helvetica,Arial,sans-serif;}p.jsx-123{color:red;}p.jsx-123{color:red;}*.jsx-123{color:blue;}[href=\\"woot\\"].jsx-123{color:red;}p.jsx-123 a.jsx-123 span.jsx-123{color:red;}p.jsx-123 span{background:blue;}p.jsx-123 a[title=\\"'w ' '  t'\\"].jsx-123{margin:auto;}p.jsx-123 span:not(.test){color:green;}p.jsx-123,h1.jsx-123{color:blue;-webkit-animation:hahaha-jsx-123 3s ease forwards infinite;animation:hahaha-jsx-123 3s ease forwards infinite;-webkit-animation-name:hahaha-jsx-123;animation-name:hahaha-jsx-123;-webkit-animation-delay:100ms;animation-delay:100ms;}p.jsx-123{-webkit-animation:hahaha-jsx-123 1s,hehehe-jsx-123 2s;animation:hahaha-jsx-123 1s,hehehe-jsx-123 2s;}p.jsx-123:hover{color:red;}p.jsx-123::before{color:red;}.jsx-123:hover{color:red;}.jsx-123::before{color:red;}.jsx-123:hover p.jsx-123{color:red;}p.jsx-123+a.jsx-123{color:red;}p.jsx-123~a.jsx-123{color:red;}p.jsx-123>a.jsx-123{color:red;}p.jsx-123>>a.jsx-123{color:red;}@-webkit-keyframes hahaha-jsx-123{from{top:0;}to{top:100;}}@keyframes hahaha-jsx-123{from{top:0;}to{top:100;}}@-webkit-keyframes hehehe-jsx-123{from{left:0;}to{left:100;}}@keyframes hehehe-jsx-123{from{left:0;}to{left:100;}}@media (min-width:500px){.test.jsx-123{color:red;}}.test.jsx-123{display:block;}.inline-flex.jsx-123{display:-webkit-inline-box;display:-webkit-inline-flex;display:-ms-inline-flexbox;display:inline-flex;}.flex.jsx-123{display:-webkit-box;display:-webkit-flex;display:-ms-flexbox;display:flex;}.test.jsx-123{box-shadow:0 0 10px black,inset 0 0 5px black;}.test[title=\\",\\"].jsx-123{display:inline-block;}.test.is-status.jsx-123 .test.jsx-123{color:red;}.a-selector.jsx-123:hover,.a-selector.jsx-123:focus{outline:none;}@media (min-width:1px) and (max-width:768px){[class*='grid__col--'].jsx-123{margin-top:12px;margin-bottom:12px;}}@media (max-width:64em){.test.jsx-123{margin-bottom:1em;}@supports (-moz-appearance:none) and (display:contents){.test.jsx-123{margin-bottom:2rem;}}}"`;
